Basque architecture
Basque art
Basque culture
Basque diet
Basque feast
Basque gastronomy
Basque heritage
Basque history
Basque literature
Basque music
Basque tradition
Bavarian architecture
Bavarian art
Bavarian culture
Bavarian diet
Bavarian feast
Bavarian gastronomy
Bavarian heritage
Bavarian history
Bavarian history of art
Bavarian literature
Bavarian music
Bavarian opera
Bavarian painting
Bavarian sculpture
Bavarian tradition
Breton architecture
Breton art
Breton culture
Breton diet
Breton feast
Breton gastronomy
Breton heritage
Breton history
Breton history of art
Breton literature
Breton music
Breton sculpture
Breton tradition
Catalan architecture
Catalan art
Catalan culture
Catalan diet
Catalan feast
Catalan gastronomy
Catalan history
Catalan history of art
Catalan literature
Catalan music
Catalan opera
Catalan painting
Catalan sculpture
Catalan tradition
common heritage
cultural diversity
culturally diverse
day of remembrance
Dutch art
Dutch culture
Dutch diet
Dutch feast
Dutch heritage
Dutch history
English architecture
English art
English culture
English diet
English feast
English gastronomy
English heritage
English history
English history of art
English literature
English music
English opera
English painting
English sculpture
English tradition
Finnish art
Finnish culture
Finnish feast
Finnish heritage
Finnish history
Finnish tradition
Flemish art
Flemish culture
Flemish diet
Flemish feast
Flemish heritage
Flemish history
French architecture
French art
French arts
French culture
French diet
French feast
French feasts
French gastronomy
French heritage
French history
French history of art
French literature
French music
French opera
French painting
French sculpture
French tradition
French traditions
Galician art
Galician culture
Galician diet
Galician feast
Galician heritage
Galician history
German architecture
German art
German culture
German diet
German feast
German gastronomy
German heritage
German history
German history of art
German literature
German music
German opera
German painting
German sculpture
German tradition
Greek art
Greek culture
Greek feast
Greek heritage
Greek history
Greek tradition
identities
identity
Italian architecture
Italian art
Italian culture
Italian diet
Italian feast
Italian gastronomy
Italian heritage
Italian history
Italian history of art
Italian literature
Italian music
Italian opera
Italian painting
Italian sculpture
Italian tradition
local craft
local crafts
local identities
local identity
local tradition
local traditions
minorities
minority
regional culture
regional cultures
regional heritage
regional identities
regional identity
rural craft
rural crafts
rural culture
rural cultures
rural heritage
rural tradition
rural traditions
Sami architecture
Sami art
Sami culture
Sami diet
Sami feast
Sami gastronomy
Sami heritage
Sami history
Sami literature
Sami music
Sami tradition
Spanish architecture
Spanish art
Spanish arts
Spanish culture
Spanish cultures
Spanish diet
Spanish diets
Spanish feast
Spanish feasts
Spanish gastronomy
Spanish heritage
Spanish history
Spanish history of art
Spanish literature
Spanish music
Spanish opera
Spanish painting
Spanish paintings
Spanish sculpture
Spanish tradition
Spanish traditions
tradition
traditions
welsh art
Welsh culture
Welsh diet
Welsh feast
Welsh heritage
Welsh history