art to children
art to students
art to teenagers
art to young
art to youth
charlemagne youth prize
children culture
children customs
children popular culture
culture to children
culture to students
culture to teenagers
culture to young
culture to youth
Erasmus+ programme
EYCS
future culture
future heritage
future history
future identities
future identity
heritage to children
heritage to students
heritage to teenagers
heritage to youth
history to children
history to students
history to teenagers
history to young
history to youth
legacy to children
legacy to our children
legacy to students
legacy to young
monuments to children
monuments to students
monuments to teenagers
monuments to young
monuments to youth
museums to children
museums to students
museums to teenagers
museums to young
museums to youth
new culture
new cultures
new identities
new identity
teenager culture
teenager customs
teenager identity
urban tribe
young culture
young identity
youth and cultural
youth and cultural policies
youth and cultural policy
youth cultural tourism
youth culture
youth cultures
youth customs
youth identities
youth identity
youth in action
youth popular culture
youth programme
youth programmes